data: !GeneratedTestData
  character: 27
  line: 206
  name: a local variable in teardown
result: null
