data: !GeneratedTestData
  character: 32
  line: 206
  name: a local variable in teardown
result: null
