data: !GeneratedTestData
  character: 30
  line: 206
  name: a local variable in teardown
result: null
